******************************************************************************
                  TI ARM Linker PC v16.9.6                     
******************************************************************************
>> Linked Thu Aug 18 23:28:23 2022

OUTPUT FILE NAME:   <long_press.out>
ENTRY POINT SYMBOL: "_c_int00"  address: 00000929


MEMORY CONFIGURATION

         name            origin    length      used     unused   attr    fill
----------------------  --------  ---------  --------  --------  ----  --------
  FLASH                 00000000   00100000  00000eac  000ff154  R  X
  SRAM                  20000000   00040000  00000220  0003fde0  RW X


SEGMENT ALLOCATION MAP

run origin  load origin   length   init length attrs members
----------  ----------- ---------- ----------- ----- -------
00000000    00000000    00000eb0   00000eb0    r-x
  00000000    00000000    00000208   00000208    r-- .intvecs
  00000208    00000208    000009a0   000009a0    r-x .text
  00000ba8    00000ba8    000002cc   000002cc    r-- .const
  00000e78    00000e78    00000038   00000038    r-- .cinit
20000000    20000000    00000220   00000000    rw-
  20000000    20000000    00000200   00000000    rw- .stack
  20000200    20000200    0000001c   00000000    rw- .data
  2000021c    2000021c    00000004   00000000    rw- .bss


SECTION ALLOCATION MAP

 output                                  attributes/
section   page    origin      length       input sections
--------  ----  ----------  ----------   ----------------
.intvecs   0    00000000    00000208     
                  00000000    00000208     tm4c129encpdt_startup_ccs.obj (.intvecs)

.text      0    00000208    000009a0     
                  00000208    00000200     driverlib.lib : sysctl.obj (.text:SysCtlClockFreqSet)
                  00000408    00000138     long_press.obj (.text)
                  00000540    00000132     driverlib.lib : gpio.obj (.text:GPIOPadConfigSet)
                  00000672    0000009c     rtsv7M4_T_le_v4SPD16_eabi.lib : memcpy_t2.obj (.text)
                  0000070e    0000007a                                   : memset_t2.obj (.text)
                  00000788    00000070                                   : autoinit.obj (.text)
                  000007f8    00000068     driverlib.lib : interrupt.obj (.text:IntEnable)
                  00000860    00000068     rtsv7M4_T_le_v4SPD16_eabi.lib : copy_decompress_lzss.obj (.text:decompress:lzss)
                  000008c8    00000060     driverlib.lib : timer.obj (.text:TimerConfigure)
                  00000928    00000054     rtsv7M4_T_le_v4SPD16_eabi.lib : boot.obj (.text)
                  0000097c    00000054                                   : exit.obj (.text)
                  000009d0    0000004c                                   : cpy_tbl.obj (.text)
                  00000a1c    00000048     driverlib.lib : sysctl.obj (.text:_SysCtlFrequencyGet)
                  00000a64    00000034                   : sysctl.obj (.text:SysCtlPeripheralEnable)
                  00000a98    0000002a                   : gpio.obj (.text:GPIODirModeSet)
                  00000ac2    00000002     rtsv7M4_T_le_v4SPD16_eabi.lib : mpu_init.obj (.text)
                  00000ac4    00000020     driverlib.lib : sysctl.obj (.text:_SysCtlMemTimingGet)
                  00000ae4    00000018                   : gpio.obj (.text:GPIOPinTypeGPIOOutput)
                  00000afc    00000018     rtsv7M4_T_le_v4SPD16_eabi.lib : args_main.obj (.text)
                  00000b14    00000014                                   : _lock.obj (.text)
                  00000b28    00000012     driverlib.lib : timer.obj (.text:TimerLoadSet)
                  00000b3a    00000010                   : interrupt.obj (.text:IntMasterEnable)
                  00000b4a    0000000e                   : timer.obj (.text:TimerEnable)
                  00000b58    0000000e     rtsv7M4_T_le_v4SPD16_eabi.lib : copy_decompress_none.obj (.text:decompress:none)
                  00000b66    0000000c     driverlib.lib : cpu.obj (.text:CPUcpsie)
                  00000b72    0000000c     rtsv7M4_T_le_v4SPD16_eabi.lib : copy_zero_init.obj (.text:decompress:ZI)
                  00000b7e    0000000c     tm4c129encpdt_startup_ccs.obj (.text)
                  00000b8a    00000008     driverlib.lib : timer.obj (.text:TimerIntEnable)
                  00000b92    00000006                   : gpio.obj (.text:GPIOPinRead)
                  00000b98    00000006                   : gpio.obj (.text:GPIOPinWrite)
                  00000b9e    00000004                   : timer.obj (.text:TimerIntClear)
                  00000ba2    00000004     rtsv7M4_T_le_v4SPD16_eabi.lib : pre_init.obj (.text)
                  00000ba6    00000002                                   : startup.obj (.text)

.const     0    00000ba8    000002cc     
                  00000ba8    000001b0     driverlib.lib : sysctl.obj (.const:g_pppui32XTALtoVCO)
                  00000d58    00000070                   : interrupt.obj (.const)
                  00000dc8    0000006c                   : sysctl.obj (.const:g_pui32Xtals)
                  00000e34    00000030                   : sysctl.obj (.const:g_sXTALtoMEMTIM)
                  00000e64    00000008                   : sysctl.obj (.const)
                  00000e6c    00000008     long_press.obj (.const)

.cinit     0    00000e78    00000038     
                  00000e78    00000011     (.cinit..data.load) [load image, compression = lzss]
                  00000e89    00000003     --HOLE-- [fill = 0]
                  00000e8c    0000000c     (__TI_handler_table)
                  00000e98    00000008     (.cinit..bss.load) [load image, compression = zero_init]
                  00000ea0    00000010     (__TI_cinit_table)

.init_array 
*          0    00000000    00000000     UNINITIALIZED

.stack     0    20000000    00000200     UNINITIALIZED
                  20000000    00000200     --HOLE--

.data      0    20000200    0000001c     UNINITIALIZED
                  20000200    0000000c     rtsv7M4_T_le_v4SPD16_eabi.lib : exit.obj (.data:$O1$$)
                  2000020c    00000008                                   : _lock.obj (.data:$O1$$)
                  20000214    00000004     long_press.obj (.data)
                  20000218    00000004     rtsv7M4_T_le_v4SPD16_eabi.lib : stkdepth_vars.obj (.data)

.bss       0    2000021c    00000004     UNINITIALIZED
                  2000021c    00000004     (.common:ui32SysClock)

MODULE SUMMARY

       Module                          code   ro data   rw data
       ------                          ----   -------   -------
    .\
       tm4c129encpdt_startup_ccs.obj   12     520       0      
       long_press.obj                  312    8         8      
    +--+-------------------------------+------+---------+---------+
       Total:                          324    528       8      
                                                               
    C:/ti/TivaWare_C_Series-2.1.4.178/driverlib/ccs/Debug/driverlib.lib
       sysctl.obj                      668    596       0      
       gpio.obj                        384    0         0      
       interrupt.obj                   120    112       0      
       timer.obj                       140    0         0      
       cpu.obj                         12     0         0      
    +--+-------------------------------+------+---------+---------+
       Total:                          1324   708       0      
                                                               
    C:\ti\ccsv7\tools\compiler\ti-cgt-arm_16.9.6.LTS\lib\rtsv7M4_T_le_v4SPD16_eabi.lib
       memcpy_t2.obj                   156    0         0      
       memset_t2.obj                   122    0         0      
       autoinit.obj                    112    0         0      
       copy_decompress_lzss.obj        104    0         0      
       exit.obj                        84     0         12     
       boot.obj                        84     0         0      
       cpy_tbl.obj                     76     0         0      
       _lock.obj                       20     0         8      
       args_main.obj                   24     0         0      
       copy_decompress_none.obj        14     0         0      
       copy_zero_init.obj              12     0         0      
       pre_init.obj                    4      0         0      
       stkdepth_vars.obj               0      0         4      
       mpu_init.obj                    2      0         0      
       startup.obj                     2      0         0      
    +--+-------------------------------+------+---------+---------+
       Total:                          816    0         24     
                                                               
       Stack:                          0      0         512    
       Linker Generated:               0      53        0      
    +--+-------------------------------+------+---------+---------+
       Grand Total:                    2464   1289      544    


LINKER GENERATED COPY TABLES

__TI_cinit_table @ 00000ea0 records: 2, size/record: 8, table size: 16
	.data: load addr=00000e78, load size=00000011 bytes, run addr=20000200, run size=0000001c bytes, compression=lzss
	.bss: load addr=00000e98, load size=00000008 bytes, run addr=2000021c, run size=00000004 bytes, compression=zero_init


LINKER GENERATED HANDLER TABLE

__TI_handler_table @ 00000e8c records: 3, size/record: 4, table size: 12
	index: 0, handler: __TI_decompress_lzss
	index: 1, handler: __TI_decompress_none
	index: 2, handler: __TI_zero_init


GLOBAL SYMBOLS: SORTED ALPHABETICALLY BY Name 

address   name                           
-------   ----                           
0000097d  C$$EXIT                        
00000b67  CPUcpsie                       
00000a99  GPIODirModeSet                 
00000541  GPIOPadConfigSet               
00000b93  GPIOPinRead                    
00000ae5  GPIOPinTypeGPIOOutput          
00000b99  GPIOPinWrite                   
000007f9  IntEnable                      
00000b3b  IntMasterEnable                
00000b7f  ResetISR                       
UNDEFED   SHT$$INIT_ARRAY$$Base          
UNDEFED   SHT$$INIT_ARRAY$$Limit         
00000209  SysCtlClockFreqSet             
00000a65  SysCtlPeripheralEnable         
00000409  Timer1IntHandler               
000008c9  TimerConfigure                 
00000b4b  TimerEnable                    
00000b9f  TimerIntClear                  
00000b8b  TimerIntEnable                 
00000b29  TimerLoadSet                   
20000200  __STACK_END                    
00000200  __STACK_SIZE                   
20000200  __STACK_TOP                    
00000ea0  __TI_CINIT_Base                
00000eb0  __TI_CINIT_Limit               
00000e8c  __TI_Handler_Table_Base        
00000e98  __TI_Handler_Table_Limit       
00000789  __TI_auto_init                 
20000200  __TI_cleanup_ptr               
00000861  __TI_decompress_lzss           
00000b59  __TI_decompress_none           
20000204  __TI_dtors_ptr                 
20000208  __TI_enable_exit_profile_output
ffffffff  __TI_pprof_out_hndl            
ffffffff  __TI_prof_data_size            
ffffffff  __TI_prof_data_start           
00000000  __TI_static_base__             
00000b73  __TI_zero_init                 
0000070f  __aeabi_memclr                 
0000070f  __aeabi_memclr4                
0000070f  __aeabi_memclr8                
00000673  __aeabi_memcpy                 
00000673  __aeabi_memcpy4                
00000673  __aeabi_memcpy8                
00000711  __aeabi_memset                 
00000711  __aeabi_memset4                
00000711  __aeabi_memset8                
ffffffff  __binit__                      
ffffffff  __c_args__                     
00000ac3  __mpu_init                     
20000000  __stack                        
00000afd  _args_main                     
00000929  _c_int00                       
2000020c  _lock                          
00000b23  _nop                           
00000b1b  _register_lock                 
00000b15  _register_unlock               
00000ba7  _system_post_cinit             
00000ba3  _system_pre_init               
20000210  _unlock                        
00000981  abort                          
ffffffff  binit                          
000009d1  copy_in                        
00000989  exit                           
00000000  g_pfnVectors                   
0000041d  main                           
20000218  main_func_sp                   
00000673  memcpy                         
00000717  memset                         
20000214  ui32Milliseconds               
2000021c  ui32SysClock                   
00000e70  ui32_LONG_PRESS_TIME           
00000e6c  ui32_SHORT_PRESS_TIME          


GLOBAL SYMBOLS: SORTED BY Symbol Address 

address   name                           
-------   ----                           
00000000  __TI_static_base__             
00000000  g_pfnVectors                   
00000200  __STACK_SIZE                   
00000209  SysCtlClockFreqSet             
00000409  Timer1IntHandler               
0000041d  main                           
00000541  GPIOPadConfigSet               
00000673  __aeabi_memcpy                 
00000673  __aeabi_memcpy4                
00000673  __aeabi_memcpy8                
00000673  memcpy                         
0000070f  __aeabi_memclr                 
0000070f  __aeabi_memclr4                
0000070f  __aeabi_memclr8                
00000711  __aeabi_memset                 
00000711  __aeabi_memset4                
00000711  __aeabi_memset8                
00000717  memset                         
00000789  __TI_auto_init                 
000007f9  IntEnable                      
00000861  __TI_decompress_lzss           
000008c9  TimerConfigure                 
00000929  _c_int00                       
0000097d  C$$EXIT                        
00000981  abort                          
00000989  exit                           
000009d1  copy_in                        
00000a65  SysCtlPeripheralEnable         
00000a99  GPIODirModeSet                 
00000ac3  __mpu_init                     
00000ae5  GPIOPinTypeGPIOOutput          
00000afd  _args_main                     
00000b15  _register_unlock               
00000b1b  _register_lock                 
00000b23  _nop                           
00000b29  TimerLoadSet                   
00000b3b  IntMasterEnable                
00000b4b  TimerEnable                    
00000b59  __TI_decompress_none           
00000b67  CPUcpsie                       
00000b73  __TI_zero_init                 
00000b7f  ResetISR                       
00000b8b  TimerIntEnable                 
00000b93  GPIOPinRead                    
00000b99  GPIOPinWrite                   
00000b9f  TimerIntClear                  
00000ba3  _system_pre_init               
00000ba7  _system_post_cinit             
00000e6c  ui32_SHORT_PRESS_TIME          
00000e70  ui32_LONG_PRESS_TIME           
00000e8c  __TI_Handler_Table_Base        
00000e98  __TI_Handler_Table_Limit       
00000ea0  __TI_CINIT_Base                
00000eb0  __TI_CINIT_Limit               
20000000  __stack                        
20000200  __STACK_END                    
20000200  __STACK_TOP                    
20000200  __TI_cleanup_ptr               
20000204  __TI_dtors_ptr                 
20000208  __TI_enable_exit_profile_output
2000020c  _lock                          
20000210  _unlock                        
20000214  ui32Milliseconds               
20000218  main_func_sp                   
2000021c  ui32SysClock                   
ffffffff  __TI_pprof_out_hndl            
ffffffff  __TI_prof_data_size            
ffffffff  __TI_prof_data_start           
ffffffff  __binit__                      
ffffffff  __c_args__                     
ffffffff  binit                          
UNDEFED   SHT$$INIT_ARRAY$$Base          
UNDEFED   SHT$$INIT_ARRAY$$Limit         

[73 symbols]
